// Jest Snapshot v1, https://goo.gl/fbAQLP

exports[`MainPage component successfully renders the MainPage component 1`] = `undefined`;
